Component: ARM Compiler 5.05 update 1 (build 106) Tool: armlink [4d0efa]

==============================================================================

Section Cross References

    startup_stm32f10x_hd.o(RESET) refers to startup_stm32f10x_hd.o(STACK) for __initial_sp
    startup_stm32f10x_hd.o(RESET) refers to startup_stm32f10x_hd.o(.text) for Reset_Handler
    startup_stm32f10x_hd.o(RESET) refers to stm32f10x_it.o(.text) for NMI_Handler
    startup_stm32f10x_hd.o(RESET) refers to tim_pwm_in.o(.text) for TIM4_IRQHandler
    startup_stm32f10x_hd.o(RESET) refers to usart.o(.text) for USART1_IRQHandler
    startup_stm32f10x_hd.o(.text) refers to system_stm32f10x.o(.text) for SystemInit
    startup_stm32f10x_hd.o(.text) refers to entry.o(.ARM.Collect$$$$00000000) for __main
    system_stm32f10x.o(.text) refers to system_stm32f10x.o(.data) for SystemCoreClock
    stm32f10x_adc.o(.text) refers to stm32f10x_rcc.o(.text) for RCC_APB2PeriphResetCmd
    stm32f10x_bkp.o(.text) refers to stm32f10x_rcc.o(.text) for RCC_BackupResetCmd
    stm32f10x_can.o(.text) refers to stm32f10x_rcc.o(.text) for RCC_APB1PeriphResetCmd
    stm32f10x_cec.o(.text) refers to stm32f10x_rcc.o(.text) for RCC_APB1PeriphResetCmd
    stm32f10x_dac.o(.text) refers to stm32f10x_rcc.o(.text) for RCC_APB1PeriphResetCmd
    stm32f10x_gpio.o(.text) refers to stm32f10x_rcc.o(.text) for RCC_APB2PeriphResetCmd
    stm32f10x_i2c.o(.text) refers to stm32f10x_rcc.o(.text) for RCC_APB1PeriphResetCmd
    stm32f10x_pwr.o(.text) refers to stm32f10x_rcc.o(.text) for RCC_APB1PeriphResetCmd
    stm32f10x_rcc.o(.text) refers to stm32f10x_rcc.o(.data) for APBAHBPrescTable
    stm32f10x_spi.o(.text) refers to stm32f10x_rcc.o(.text) for RCC_APB2PeriphResetCmd
    stm32f10x_tim.o(.text) refers to stm32f10x_rcc.o(.text) for RCC_APB2PeriphResetCmd
    stm32f10x_usart.o(.text) refers to stm32f10x_rcc.o(.text) for RCC_APB2PeriphResetCmd
    stm32f10x_wwdg.o(.text) refers to stm32f10x_rcc.o(.text) for RCC_APB1PeriphResetCmd
    main.o(.text) refers to mpu6050.o(.text) for Gyro_OFFEST
    main.o(.text) refers to app.o(.text) for IAC_Init
    main.o(.text) refers to param.o(.text) for paramLoad
    main.o(.text) refers to control.o(.text) for ALGH_set
    main.o(.text) refers to stm32f10x_tim.o(.text) for TIM_Cmd
    main.o(.text) refers to mpu6050.o(.bss) for sensor
    stm32f10x_it.o(.text) refers to imu.o(.text) for Prepare_Data
    stm32f10x_it.o(.text) refers to control.o(.text) for US100_CONTROL
    stm32f10x_it.o(.text) refers to led.o(.text) for LED_Sailing
    stm32f10x_it.o(.text) refers to send.o(.text) for sand_IMU_data
    stm32f10x_it.o(.text) refers to gps_config.o(.text) for GPS_ProcessDMAIRQ
    stm32f10x_it.o(.text) refers to stm32f10x_it.o(.data) for ms1
    stm32f10x_it.o(.text) refers to imu.o(.bss) for angle
    stm32f10x_it.o(.text) refers to control.o(.data) for ARMED
    stm32f10x_it.o(.text) refers to param.o(.data) for sendms
    bsp_usart2.o(.text) refers to stm32f10x_rcc.o(.text) for RCC_APB2PeriphClockCmd
    bsp_usart2.o(.text) refers to stm32f10x_gpio.o(.text) for GPIO_PinRemapConfig
    bsp_usart2.o(.text) refers to stm32f10x_usart.o(.text) for USART_Init
    bsp_usart2.o(.text) refers to bsp_usart2.o(.data) for uart_p
    bsp_usart2.o(.text) refers to bsp_usart2.o(.bss) for uart_buff
    adc.o(.text) refers to stm32f10x_rcc.o(.text) for RCC_AHBPeriphClockCmd
    adc.o(.text) refers to stm32f10x_gpio.o(.text) for GPIO_Init
    adc.o(.text) refers to stm32f10x_dma.o(.text) for DMA_DeInit
    adc.o(.text) refers to stm32f10x_adc.o(.text) for ADC_Init
    adc.o(.text) refers to adc.o(.data) for ADC_ConvertedValue
    led.o(.text) refers to stm32f10x_rcc.o(.text) for RCC_APB2PeriphClockCmd
    led.o(.text) refers to stm32f10x_gpio.o(.text) for GPIO_Init
    led.o(.text) refers to led.o(.data) for r
    spi.o(.text) refers to stm32f10x_spi.o(.text) for SPI_I2S_GetFlagStatus
    spi.o(.text) refers to stm32f10x_rcc.o(.text) for RCC_APB2PeriphClockCmd
    spi.o(.text) refers to stm32f10x_gpio.o(.text) for GPIO_Init
    i2c.o(.text) refers to stm32f10x_rcc.o(.text) for RCC_APB2PeriphClockCmd
    i2c.o(.text) refers to stm32f10x_gpio.o(.text) for GPIO_Init
    key.o(.text) refers to stm32f10x_rcc.o(.text) for RCC_APB2PeriphClockCmd
    key.o(.text) refers to stm32f10x_gpio.o(.text) for GPIO_Init
    oled.o(.text) refers to stm32f10x_gpio.o(.text) for GPIO_SetBits
    oled.o(.text) refers to stm32f10x_rcc.o(.text) for RCC_APB2PeriphClockCmd
    oled.o(.text) refers to cdcmple.o(.text) for __aeabi_cdcmple
    oled.o(.text) refers to dfixi.o(.text) for __aeabi_d2iz
    oled.o(.text) refers to dflti.o(.text) for __aeabi_i2d
    oled.o(.text) refers to dadd.o(.text) for __aeabi_drsub
    oled.o(.text) refers to dmul.o(.text) for __aeabi_dmul
    oled.o(.text) refers to dfixui.o(.text) for __aeabi_d2uiz
    oled.o(.text) refers to oled.o(.constdata) for F6x8
    oled.o(.text) refers to dfltui.o(.text) for __aeabi_ui2d
[...]
    _printf_longlong_hex                     0x00000000   Number         0  stubs.o ABSOLUTE
    _printf_longlong_oct                     0x00000000   Number         0  stubs.o ABSOLUTE
    _printf_ls                               0x00000000   Number         0  stubs.o ABSOLUTE
    _printf_mbtowc                           0x00000000   Number         0  stubs.o ABSOLUTE
    _printf_n                                0x00000000   Number         0  stubs.o ABSOLUTE
    _printf_o                                0x00000000   Number         0  stubs.o ABSOLUTE
    _printf_p                                0x00000000   Number         0  stubs.o ABSOLUTE
    _printf_percent                          0x00000000   Number         0  stubs.o ABSOLUTE
    _printf_pre_padding                      0x00000000   Number         0  stubs.o ABSOLUTE
    _printf_return_value                     0x00000000   Number         0  stubs.o ABSOLUTE
    _printf_s                                0x00000000   Number         0  stubs.o ABSOLUTE
    _printf_sizespec                         0x00000000   Number         0  stubs.o ABSOLUTE
    _printf_str                              0x00000000   Number         0  stubs.o ABSOLUTE
    _printf_truncate_signed                  0x00000000   Number         0  stubs.o ABSOLUTE
    _printf_truncate_unsigned                0x00000000   Number         0  stubs.o ABSOLUTE
    _printf_u                                0x00000000   Number         0  stubs.o ABSOLUTE
    _printf_wc                               0x00000000   Number         0  stubs.o ABSOLUTE
    _printf_wctomb                           0x00000000   Number         0  stubs.o ABSOLUTE
    _printf_widthprec                        0x00000000   Number         0  stubs.o ABSOLUTE
    _printf_x                                0x00000000   Number         0  stubs.o ABSOLUTE
    __cpp_initialize__aeabi_                  - Undefined Weak Reference
    __cxa_finalize                            - Undefined Weak Reference
    _clock_init                               - Undefined Weak Reference
    _microlib_exit                            - Undefined Weak Reference
    __Vectors_Size                           0x00000130   Number         0  startup_stm32f10x_hd.o ABSOLUTE
    __Vectors                                0x08000000   Data           4  startup_stm32f10x_hd.o(RESET)
    __Vectors_End                            0x08000130   Data           0  startup_stm32f10x_hd.o(RESET)
    __main                                   0x08000131   Thumb Code     0  entry.o(.ARM.Collect$$$$00000000)
    _main_stk                                0x08000131   Thumb Code     0  entry2.o(.ARM.Collect$$$$00000001)
    _main_scatterload                        0x08000135   Thumb Code     0  entry5.o(.ARM.Collect$$$$00000004)
    __main_after_scatterload                 0x08000139   Thumb Code     0  entry5.o(.ARM.Collect$$$$00000004)
    _main_clock                              0x08000139   Thumb Code     0  entry7b.o(.ARM.Collect$$$$00000008)
    _main_cpp_init                           0x08000139   Thumb Code     0  entry8b.o(.ARM.Collect$$$$0000000A)
    _main_init                               0x08000139   Thumb Code     0  entry9a.o(.ARM.Collect$$$$0000000B)
    __rt_final_cpp                           0x08000141   Thumb Code     0  entry10a.o(.ARM.Collect$$$$0000000D)
    __rt_final_exit                          0x08000141   Thumb Code     0  entry11a.o(.ARM.Collect$$$$0000000F)
    Reset_Handler                            0x08000145   Thumb Code     8  startup_stm32f10x_hd.o(.text)
    ADC1_2_IRQHandler                        0x0800015f   Thumb Code     0  startup_stm32f10x_hd.o(.text)
    ADC3_IRQHandler                          0x0800015f   Thumb Code     0  startup_stm32f10x_hd.o(.text)
    CAN1_RX1_IRQHandler                      0x0800015f   Thumb Code     0  startup_stm32f10x_hd.o(.text)
    CAN1_SCE_IRQHandler                      0x0800015f   Thumb Code     0  startup_stm32f10x_hd.o(.text)
    DMA1_Channel1_IRQHandler                 0x0800015f   Thumb Code     0  startup_stm32f10x_hd.o(.text)
    DMA1_Channel2_IRQHandler                 0x0800015f   Thumb Code     0  startup_stm32f10x_hd.o(.text)
    DMA1_Channel3_IRQHandler                 0x0800015f   Thumb Code     0  startup_stm32f10x_hd.o(.text)
    DMA1_Channel4_IRQHandler                 0x0800015f   Thumb Code     0  startup_stm32f10x_hd.o(.text)
    DMA1_Channel5_IRQHandler                 0x0800015f   Thumb Code     0  startup_stm32f10x_hd.o(.text)
    DMA1_Channel7_IRQHandler                 0x0800015f   Thumb Code     0  startup_stm32f10x_hd.o(.text)
    DMA2_Channel1_IRQHandler                 0x0800015f   Thumb Code     0  startup_stm32f10x_hd.o(.text)
    DMA2_Channel2_IRQHandler                 0x0800015f   Thumb Code     0  startup_stm32f10x_hd.o(.text)
    DMA2_Channel3_IRQHandler                 0x0800015f   Thumb Code     0  startup_stm32f10x_hd.o(.text)
    DMA2_Channel4_5_IRQHandler               0x0800015f   Thumb Code     0  startup_stm32f10x_hd.o(.text)
    EXTI0_IRQHandler                         0x0800015f   Thumb Code     0  startup_stm32f10x_hd.o(.text)
    EXTI15_10_IRQHandler                     0x0800015f   Thumb Code     0  startup_stm32f10x_hd.o(.text)
    EXTI1_IRQHandler                         0x0800015f   Thumb Code     0  startup_stm32f10x_hd.o(.text)
    EXTI2_IRQHandler                         0x0800015f   Thumb Code     0  startup_stm32f10x_hd.o(.text)
    EXTI3_IRQHandler                         0x0800015f   Thumb Code     0  startup_stm32f10x_hd.o(.text)
    EXTI4_IRQHandler                         0x0800015f   Thumb Code     0  startup_stm32f10x_hd.o(.text)
    EXTI9_5_IRQHandler                       0x0800015f   Thumb Code     0  startup_stm32f10x_hd.o(.text)
    FLASH_IRQHandler                         0x0800015f   Thumb Code     0  startup_stm32f10x_hd.o(.text)
    FSMC_IRQHandler                          0x0800015f   Thumb Code     0  startup_stm32f10x_hd.o(.text)
    I2C1_ER_IRQHandler                       0x0800015f   Thumb Code     0  startup_stm32f10x_hd.o(.text)
    I2C1_EV_IRQHandler                       0x0800015f   Thumb Code     0  startup_stm32f10x_hd.o(.text)
    I2C2_ER_IRQHandler                       0x0800015f   Thumb Code     0  startup_stm32f10x_hd.o(.text)
    I2C2_EV_IRQHandler                       0x0800015f   Thumb Code     0  startup_stm32f10x_hd.o(.text)
    PVD_IRQHandler                           0x0800015f   Thumb Code     0  startup_stm32f10x_hd.o(.text)
    RCC_IRQHandler                           0x0800015f   Thumb Code     0  startup_stm32f10x_hd.o(.text)
    RTCAlarm_IRQHandler                      0x0800015f   Thumb Code     0  startup_stm32f10x_hd.o(.text)
    RTC_IRQHandler                           0x0800015f   Thumb Code     0  startup_stm32f10x_hd.o(.text)
    SDIO_IRQHandler                          0x0800015f   Thumb Code     0  startup_stm32f10x_hd.o(.text)
    SPI1_IRQHandler                          0x0800015f   Thumb Code     0  startup_stm32f10x_hd.o(.text)
    SPI2_IRQHandler                          0x0800015f   Thumb Code     0  startup_stm32f10x_hd.o(.text)
    SPI3_IRQHandler                          0x0800015f   Thumb Code     0  startup_stm32f10x_hd.o(.text)
    TAMPER_IRQHandler                        0x0800015f   Thumb Code     0  startup_stm32f10x_hd.o(.text)
    TIM1_BRK_IRQHandler                      0x0800015f   Thumb Code     0  startup_stm32f10x_hd.o(.text)
    TIM1_CC_IRQHandler                       0x0800015f   Thumb Code     0  startup_stm32f10x_hd.o(.text)
    TIM1_TRG_COM_IRQHandler                  0x0800015f   Thumb Code     0  startup_stm32f10x_hd.o(.text)
    TIM1_UP_IRQHandler                       0x0800015f   Thumb Code     0  startup_stm32f10x_hd.o(.text)
    TIM2_IRQHandler                          0x0800015f   Thumb Code     0  startup_stm32f10x_hd.o(.text)
    TIM5_IRQHandler                          0x0800015f   Thumb Code     0  startup_stm32f10x_hd.o(.text)
    TIM6_IRQHandler                          0x0800015f   Thumb Code     0  startup_stm32f10x_hd.o(.text)
    TIM7_IRQHandler                          0x0800015f   Thumb Code     0  startup_stm32f10x_hd.o(.text)
    TIM8_BRK_IRQHandler                      0x0800015f   Thumb Code     0  startup_stm32f10x_hd.o(.text)
    TIM8_CC_IRQHandler                       0x0800015f   Thumb Code     0  startup_stm32f10x_hd.o(.text)
    TIM8_TRG_COM_IRQHandler                  0x0800015f   Thumb Code     0  startup_stm32f10x_hd.o(.text)
    TIM8_UP_IRQHandler                       0x0800015f   Thumb Code     0  startup_stm32f10x_hd.o(.text)
    UART4_IRQHandler                         0x0800015f   Thumb Code     0  startup_stm32f10x_hd.o(.text)
    UART5_IRQHandler                         0x0800015f   Thumb Code     0  startup_stm32f10x_hd.o(.text)
    USART2_IRQHandler                        0x0800015f   Thumb Code     0  startup_stm32f10x_hd.o(.text)
    USART3_IRQHandler                        0x0800015f   Thumb Code     0  startup_stm32f10x_hd.o(.text)
    USBWakeUp_IRQHandler                     0x0800015f   Thumb Code     0  startup_stm32f10x_hd.o(.text)
    USB_HP_CAN1_TX_IRQHandler                0x0800015f   Thumb Code     0  startup_stm32f10x_hd.o(.text)
    USB_LP_CAN1_RX0_IRQHandler               0x0800015f   Thumb Code     0  startup_stm32f10x_hd.o(.text)
    WWDG_IRQHandler                          0x0800015f   Thumb Code     0  startup_stm32f10x_hd.o(.text)
    SystemInit                               0x08000247   Thumb Code    78  system_stm32f10x.o(.text)
    SystemCoreClockUpdate                    0x08000295   Thumb Code   142  system_stm32f10x.o(.text)
    NVIC_PriorityGroupConfig                 0x08000349   Thumb Code    10  misc.o(.text)
    NVIC_Init                                0x08000353   Thumb Code   100  misc.o(.text)
    NVIC_SetVectorTable                      0x080003b7   Thumb Code    14  misc.o(.text)
    NVIC_SystemLPConfig                      0x080003c5   Thumb Code    34  misc.o(.text)
    SysTick_CLKSourceConfig                  0x080003e7   Thumb Code    40  misc.o(.text)
    ADC_DeInit                               0x08000425   Thumb Code    78  stm32f10x_adc.o(.text)
    ADC_Init                                 0x08000473   Thumb Code    70  stm32f10x_adc.o(.text)
    ADC_StructInit                           0x080004b9   Thumb Code    18  stm32f10x_adc.o(.text)
    ADC_Cmd                                  0x080004cb   Thumb Code    22  stm32f10x_adc.o(.text)
    ADC_DMACmd                               0x080004e1   Thumb Code    22  stm32f10x_adc.o(.text)
    ADC_ITConfig                             0x080004f7   Thumb Code    24  stm32f10x_adc.o(.text)
    ADC_ResetCalibration                     0x0800050f   Thumb Code    10  stm32f10x_adc.o(.text)
    ADC_GetResetCalibrationStatus            0x08000519   Thumb Code    20  stm32f10x_adc.o(.text)
    ADC_StartCalibration                     0x0800052d   Thumb Code    10  stm32f10x_adc.o(.text)
    ADC_GetCalibrationStatus                 0x08000537   Thumb Code    20  stm32f10x_adc.o(.text)
    ADC_SoftwareStartConvCmd                 0x0800054b   Thumb Code    22  stm32f10x_adc.o(.text)
    ADC_GetSoftwareStartConvStatus           0x08000561   Thumb Code    20  stm32f10x_adc.o(.text)
    ADC_DiscModeChannelCountConfig           0x08000575   Thumb Code    24  stm32f10x_adc.o(.text)
    ADC_DiscModeCmd                          0x0800058d   Thumb Code    22  stm32f10x_adc.o(.text)
    ADC_RegularChannelConfig                 0x080005a3   Thumb Code   184  stm32f10x_adc.o(.text)
    ADC_ExternalTrigConvCmd                  0x0800065b   Thumb Code    22  stm32f10x_adc.o(.text)
    ADC_GetConversionValue                   0x08000671   Thumb Code     8  stm32f10x_adc.o(.text)
    ADC_GetDualModeConversionValue           0x08000679   Thumb Code     8  stm32f10x_adc.o(.text)
    ADC_AutoInjectedConvCmd                  0x08000681   Thumb Code    22  stm32f10x_adc.o(.text)
    ADC_InjectedDiscModeCmd                  0x08000697   Thumb Code    22  stm32f10x_adc.o(.text)
    ADC_ExternalTrigInjectedConvConfig       0x080006ad   Thumb Code    16  stm32f10x_adc.o(.text)
    ADC_ExternalTrigInjectedConvCmd          0x080006bd   Thumb Code    22  stm32f10x_adc.o(.text)
    ADC_SoftwareStartInjectedConvCmd         0x080006d3   Thumb Code    22  stm32f10x_adc.o(.text)
    ADC_GetSoftwareStartInjectedConvCmdStatus 0x080006e9   Thumb Code    20  stm32f10x_adc.o(.text)
    ADC_InjectedChannelConfig                0x080006fd   Thumb Code   130  stm32f10x_adc.o(.text)
    ADC_InjectedSequencerLengthConfig        0x0800077f   Thumb Code    24  stm32f10x_adc.o(.text)
    ADC_SetInjectedOffset                    0x08000797   Thumb Code    20  stm32f10x_adc.o(.text)
    ADC_GetInjectedConversionValue           0x080007ab   Thumb Code    28  stm32f10x_adc.o(.text)
    ADC_AnalogWatchdogCmd                    0x080007c7   Thumb Code    16  stm32f10x_adc.o(.text)
    ADC_AnalogWatchdogThresholdsConfig       0x080007d7   Thumb Code     6  stm32f10x_adc.o(.text)
    ADC_AnalogWatchdogSingleChannelConfig    0x080007dd   Thumb Code    16  stm32f10x_adc.o(.text)
    ADC_TempSensorVrefintCmd                 0x080007ed   Thumb Code    64  stm32f10x_adc.o(.text)
    ADC_GetFlagStatus                        0x0800082d   Thumb Code    18  stm32f10x_adc.o(.text)
    ADC_ClearFlag                            0x0800083f   Thumb Code     6  stm32f10x_adc.o(.text)
    ADC_GetITStatus                          0x08000845   Thumb Code    36  stm32f10x_adc.o(.text)
    ADC_ClearITPendingBit                    0x08000869   Thumb Code    10  stm32f10x_adc.o(.text)
    DMA_DeInit                               0x08000875   Thumb Code   324  stm32f10x_dma.o(.text)
    DMA_Init                                 0x080009b9   Thumb Code    60  stm32f10x_dma.o(.text)
    DMA_StructInit                           0x080009f5   Thumb Code    26  stm32f10x_dma.o(.text)
    DMA_Cmd                                  0x08000a0f   Thumb Code    24  stm32f10x_dma.o(.text)
    DMA_ITConfig                             0x08000a27   Thumb Code    18  stm32f10x_dma.o(.text)
    DMA_SetCurrDataCounter                   0x08000a39   Thumb Code     4  stm32f10x_dma.o(.text)
    DMA_GetCurrDataCounter                   0x08000a3d   Thumb Code     8  stm32f10x_dma.o(.text)
    DMA_GetFlagStatus                        0x08000a45   Thumb Code    40  stm32f10x_dma.o(.text)
    DMA_ClearFlag                            0x08000a6d   Thumb Code    22  stm32f10x_dma.o(.text)
    DMA_GetITStatus                          0x08000a83   Thumb Code    40  stm32f10x_dma.o(.text)
    DMA_ClearITPendingBit                    0x08000aab   Thumb Code    22  stm32f10x_dma.o(.text)
    FLASH_SetLatency                         0x08000ac9   Thumb Code    18  stm32f10x_flash.o(.text)
    FLASH_HalfCycleAccessCmd                 0x08000adb   Thumb Code    22  stm32f10x_flash.o(.text)
    FLASH_PrefetchBufferCmd                  0x08000af1   Thumb Code    22  stm32f10x_flash.o(.text)
    FLASH_Unlock                             0x08000b07   Thumb Code    12  stm32f10x_flash.o(.text)
    FLASH_UnlockBank1                        0x08000b13   Thumb Code    12  stm32f10x_flash.o(.text)
    FLASH_Lock                               0x08000b1f   Thumb Code    14  stm32f10x_flash.o(.text)
    FLASH_LockBank1                          0x08000b2d   Thumb Code    14  stm32f10x_flash.o(.text)
    FLASH_GetBank1Status                     0x08000b3b   Thumb Code    48  stm32f10x_flash.o(.text)
    FLASH_WaitForLastOperation               0x08000b6b   Thumb Code    38  stm32f10x_flash.o(.text)
    FLASH_ErasePage                          0x08000b91   Thumb Code    72  stm32f10x_flash.o(.text)
    FLASH_EraseAllPages                      0x08000bd9   Thumb Code    68  stm32f10x_flash.o(.text)
    FLASH_WaitForLastBank1Operation          0x08000c1d   Thumb Code    38  stm32f10x_flash.o(.text)
    FLASH_EraseAllBank1Pages                 0x08000c43   Thumb Code    68  stm32f10x_flash.o(.text)
    FLASH_GetReadOutProtectionStatus         0x08000c87   Thumb Code    20  stm32f10x_flash.o(.text)
    FLASH_EraseOptionBytes                   0x08000c9b   Thumb Code   150  stm32f10x_flash.o(.text)
    FLASH_ProgramWord                        0x08000d31   Thumb Code   102  stm32f10x_flash.o(.text)
    FLASH_ProgramHalfWord                    0x08000d97   Thumb Code    60  stm32f10x_flash.o(.text)
    FLASH_ProgramOptionByteData              0x08000dd3   Thumb Code    72  stm32f10x_flash.o(.text)
    FLASH_EnableWriteProtection              0x08000e1b   Thumb Code   200  stm32f10x_flash.o(.text)
    FLASH_ReadOutProtection                  0x08000ee3   Thumb Code   156  stm32f10x_flash.o(.text)
    FLASH_UserOptionByteConfig               0x08000f7f   Thumb Code    88  stm32f10x_flash.o(.text)
    FLASH_GetUserOptionByte                  0x08000fd7   Thumb Code     8  stm32f10x_flash.o(.text)
    FLASH_GetWriteProtectionOptionByte       0x08000fdf   Thumb Code     6  stm32f10x_flash.o(.text)
    FLASH_GetPrefetchBufferStatus            0x08000fe5   Thumb Code    20  stm32f10x_flash.o(.text)
    FLASH_ITConfig                           0x08000ff9   Thumb Code    26  stm32f10x_flash.o(.text)
    FLASH_GetFlagStatus                      0x08001013   Thumb Code    42  stm32f10x_flash.o(.text)
    FLASH_ClearFlag                          0x0800103d   Thumb Code     6  stm32f10x_flash.o(.text)
    FLASH_GetStatus                          0x08001043   Thumb Code    48  stm32f10x_flash.o(.text)
    GPIO_DeInit                              0x08001085   Thumb Code   172  stm32f10x_gpio.o(.text)
    GPIO_AFIODeInit                          0x08001131   Thumb Code    20  stm32f10x_gpio.o(.text)
    GPIO_Init                                0x08001145   Thumb Code   278  stm32f10x_gpio.o(.text)
    GPIO_StructInit                          0x0800125b   Thumb Code    16  stm32f10x_gpio.o(.text)
    GPIO_ReadInputDataBit                    0x0800126b   Thumb Code    18  stm32f10x_gpio.o(.text)
    GPIO_ReadInputData                       0x0800127d   Thumb Code     8  stm32f10x_gpio.o(.text)
    GPIO_ReadOutputDataBit                   0x08001285   Thumb Code    18  stm32f10x_gpio.o(.text)
    GPIO_ReadOutputData                      0x08001297   Thumb Code     8  stm32f10x_gpio.o(.text)
    GPIO_SetBits                             0x0800129f   Thumb Code     4  stm32f10x_gpio.o(.text)
    GPIO_PinReverse                          0x080012a3   Thumb Code     8  stm32f10x_gpio.o(.text)
    GPIO_ResetBits                           0x080012ab   Thumb Code     4  stm32f10x_gpio.o(.text)
    GPIO_WriteBit                            0x080012af   Thumb Code    10  stm32f10x_gpio.o(.text)
    GPIO_Write                               0x080012b9   Thumb Code     4  stm32f10x_gpio.o(.text)
    GPIO_PinLockConfig                       0x080012bd   Thumb Code    18  stm32f10x_gpio.o(.text)
    GPIO_EventOutputConfig                   0x080012cf   Thumb Code    26  stm32f10x_gpio.o(.text)
    GPIO_EventOutputCmd                      0x080012e9   Thumb Code     6  stm32f10x_gpio.o(.text)
    GPIO_PinRemapConfig                      0x080012ef   Thumb Code   138  stm32f10x_gpio.o(.text)
    GPIO_EXTILineConfig                      0x08001379   Thumb Code    66  stm32f10x_gpio.o(.text)
    GPIO_ETH_MediaInterfaceConfig            0x080013bb   Thumb Code     8  stm32f10x_gpio.o(.text)
    RCC_DeInit                               0x080013e9   Thumb Code    64  stm32f10x_rcc.o(.text)
    RCC_HSEConfig                            0x08001429   Thumb Code    70  stm32f10x_rcc.o(.text)
    RCC_GetFlagStatus                        0x0800146f   Thumb Code    56  stm32f10x_rcc.o(.text)
    RCC_WaitForHSEStartUp                    0x080014a7   Thumb Code    56  stm32f10x_rcc.o(.text)
    RCC_AdjustHSICalibrationValue            0x080014df   Thumb Code    20  stm32f10x_rcc.o(.text)
    RCC_HSICmd                               0x080014f3   Thumb Code     6  stm32f10x_rcc.o(.text)
    RCC_PLLConfig                            0x080014f9   Thumb Code    24  stm32f10x_rcc.o(.text)
    RCC_PLLCmd                               0x08001511   Thumb Code     6  stm32f10x_rcc.o(.text)
    RCC_SYSCLKConfig                         0x08001517   Thumb Code    18  stm32f10x_rcc.o(.text)
    RCC_GetSYSCLKSource                      0x08001529   Thumb Code    10  stm32f10x_rcc.o(.text)
    RCC_HCLKConfig                           0x08001533   Thumb Code    18  stm32f10x_rcc.o(.text)
    RCC_PCLK1Config                          0x08001545   Thumb Code    18  stm32f10x_rcc.o(.text)
    RCC_PCLK2Config                          0x08001557   Thumb Code    20  stm32f10x_rcc.o(.text)
    RCC_ITConfig                             0x0800156b   Thumb Code    26  stm32f10x_rcc.o(.text)
    RCC_USBCLKConfig                         0x08001585   Thumb Code     8  stm32f10x_rcc.o(.text)
    RCC_ADCCLKConfig                         0x0800158d   Thumb Code    18  stm32f10x_rcc.o(.text)
    RCC_LSEConfig                            0x0800159f   Thumb Code    50  stm32f10x_rcc.o(.text)
    RCC_LSICmd                               0x080015d1   Thumb Code     6  stm32f10x_rcc.o(.text)
    RCC_RTCCLKConfig                         0x080015d7   Thumb Code    12  stm32f10x_rcc.o(.text)
    RCC_RTCCLKCmd                            0x080015e3   Thumb Code     8  stm32f10x_rcc.o(.text)
    RCC_GetClocksFreq                        0x080015eb   Thumb Code   192  stm32f10x_rcc.o(.text)
    RCC_AHBPeriphClockCmd                    0x080016ab   Thumb Code    26  stm32f10x_rcc.o(.text)
    RCC_APB2PeriphClockCmd                   0x080016c5   Thumb Code    26  stm32f10x_rcc.o(.text)
    RCC_APB1PeriphClockCmd                   0x080016df   Thumb Code    26  stm32f10x_rcc.o(.text)
    RCC_APB2PeriphResetCmd                   0x080016f9   Thumb Code    26  stm32f10x_rcc.o(.text)
    RCC_APB1PeriphResetCmd                   0x08001713   Thumb Code    26  stm32f10x_rcc.o(.text)
    RCC_BackupResetCmd                       0x0800172d   Thumb Code     8  stm32f10x_rcc.o(.text)
    RCC_ClockSecuritySystemCmd               0x08001735   Thumb Code     6  stm32f10x_rcc.o(.text)
    RCC_MCOConfig                            0x0800173b   Thumb Code     6  stm32f10x_rcc.o(.text)
    RCC_ClearFlag                            0x08001741   Thumb Code    14  stm32f10x_rcc.o(.text)
    RCC_GetITStatus                          0x0800174f   Thumb Code    20  stm32f10x_rcc.o(.text)
    RCC_ClearITPendingBit                    0x08001763   Thumb Code     6  stm32f10x_rcc.o(.text)
    SPI_I2S_DeInit                           0x0800178d   Thumb Code    76  stm32f10x_spi.o(.text)
    SPI_Init                                 0x080017d9   Thumb Code    60  stm32f10x_spi.o(.text)
    I2S_Init                                 0x08001815   Thumb Code   226  stm32f10x_spi.o(.text)
    SPI_StructInit                           0x080018f7   Thumb Code    24  stm32f10x_spi.o(.text)
    I2S_StructInit                           0x0800190f   Thumb Code    20  stm32f10x_spi.o(.text)
    SPI_Cmd                                  0x08001923   Thumb Code    24  stm32f10x_spi.o(.text)
    I2S_Cmd                                  0x0800193b   Thumb Code    24  stm32f10x_spi.o(.text)
    SPI_I2S_ITConfig                         0x08001953   Thumb Code    32  stm32f10x_spi.o(.text)
    SPI_I2S_DMACmd                           0x08001973   Thumb Code    18  stm32f10x_spi.o(.text)
    SPI_I2S_SendData                         0x08001985   Thumb Code     4  stm32f10x_spi.o(.text)
    SPI_I2S_ReceiveData                      0x08001989   Thumb Code     6  stm32f10x_spi.o(.text)
    SPI_NSSInternalSoftwareConfig            0x0800198f   Thumb Code    30  stm32f10x_spi.o(.text)
    SPI_SSOutputCmd                          0x080019ad   Thumb Code    24  stm32f10x_spi.o(.text)
    SPI_DataSizeConfig                       0x080019c5   Thumb Code    18  stm32f10x_spi.o(.text)
    SPI_TransmitCRC                          0x080019d7   Thumb Code    10  stm32f10x_spi.o(.text)
    SPI_CalculateCRC                         0x080019e1   Thumb Code    24  stm32f10x_spi.o(.text)
    SPI_GetCRC                               0x080019f9   Thumb Code    16  stm32f10x_spi.o(.text)
    SPI_GetCRCPolynomial                     0x08001a09   Thumb Code     6  stm32f10x_spi.o(.text)
    SPI_BiDirectionalLineConfig              0x08001a0f   Thumb Code    28  stm32f10x_spi.o(.text)
    SPI_I2S_GetFlagStatus                    0x08001a2b   Thumb Code    18  stm32f10x_spi.o(.text)
    SPI_I2S_ClearFlag                        0x08001a3d   Thumb Code     6  stm32f10x_spi.o(.text)
    SPI_I2S_GetITStatus                      0x08001a43   Thumb Code    52  stm32f10x_spi.o(.text)
    SPI_I2S_ClearITPendingBit                0x08001a77   Thumb Code    20  stm32f10x_spi.o(.text)
    TIM_DeInit                               0x08001a99   Thumb Code   424  stm32f10x_tim.o(.text)
    TIM_TimeBaseInit                         0x08001c41   Thumb Code   122  stm32f10x_tim.o(.text)
    TIM_OC1Init                              0x08001cbb   Thumb Code   132  stm32f10x_tim.o(.text)
    TIM_OC2Init                              0x08001d3f   Thumb Code   154  stm32f10x_tim.o(.text)
    TIM_OC3Init                              0x08001dd9   Thumb Code   150  stm32f10x_tim.o(.text)
    TIM_OC4Init                              0x08001e6f   Thumb Code   182  stm32f10x_tim.o(.text)
    TIM_SetIC4Prescaler                      0x08001f25   Thumb Code    26  stm32f10x_tim.o(.text)
    TIM_SetIC3Prescaler                      0x08001fc1   Thumb Code    18  stm32f10x_tim.o(.text)
    TIM_SetIC2Prescaler                      0x0800204d   Thumb Code    26  stm32f10x_tim.o(.text)
    TIM_SetIC1Prescaler                      0x080020e9   Thumb Code    18  stm32f10x_tim.o(.text)
    TIM_ICInit                               0x08002167   Thumb Code   150  stm32f10x_tim.o(.text)
    TIM_PWMIConfig                           0x080021fd   Thumb Code   124  stm32f10x_tim.o(.text)
    TIM_BDTRConfig                           0x08002279   Thumb Code    32  stm32f10x_tim.o(.text)
    TIM_TimeBaseStructInit                   0x08002299   Thumb Code    18  stm32f10x_tim.o(.text)
    TIM_OCStructInit                         0x080022ab   Thumb Code    20  stm32f10x_tim.o(.text)
    TIM_ICStructInit                         0x080022bf   Thumb Code    18  stm32f10x_tim.o(.text)
    TIM_BDTRStructInit                       0x080022d1   Thumb Code    40  stm32f10x_tim.o(.text)
    TIM_Cmd                                  0x080022f9   Thumb Code    24  stm32f10x_tim.o(.text)
    TIM_CtrlPWMOutputs                       0x08002311   Thumb Code    30  stm32f10x_tim.o(.text)
    TIM_ITConfig                             0x0800232f   Thumb Code    18  stm32f10x_tim.o(.text)
    TIM_GenerateEvent                        0x08002341   Thumb Code     4  stm32f10x_tim.o(.text)
    TIM_DMAConfig                            0x08002345   Thumb Code    10  stm32f10x_tim.o(.text)
    TIM_DMACmd                               0x0800234f   Thumb Code    18  stm32f10x_tim.o(.text)
    TIM_InternalClockConfig                  0x08002361   Thumb Code    12  stm32f10x_tim.o(.text)
    TIM_SelectInputTrigger                   0x0800236d   Thumb Code    18  stm32f10x_tim.o(.text)
    TIM_ITRxExternalClockConfig              0x0800237f   Thumb Code    24  stm32f10x_tim.o(.text)
    TIM_TIxExternalClockConfig               0x08002397   Thumb Code    62  stm32f10x_tim.o(.text)
    TIM_ETRConfig                            0x080023d5   Thumb Code    28  stm32f10x_tim.o(.text)
    TIM_ETRClockMode1Config                  0x080023f1   Thumb Code    54  stm32f10x_tim.o(.text)
    TIM_ETRClockMode2Config                  0x08002427   Thumb Code    32  stm32f10x_tim.o(.text)
    TIM_PrescalerConfig                      0x08002447   Thumb Code     6  stm32f10x_tim.o(.text)
    TIM_CounterModeConfig                    0x0800244d   Thumb Code    18  stm32f10x_tim.o(.text)
    TIM_EncoderInterfaceConfig               0x0800245f   Thumb Code    66  stm32f10x_tim.o(.text)
    TIM_ForcedOC1Config                      0x080024a1   Thumb Code    18  stm32f10x_tim.o(.text)
    TIM_ForcedOC2Config                      0x080024b3   Thumb Code    26  stm32f10x_tim.o(.text)
    TIM_ForcedOC3Config                      0x080024cd   Thumb Code    18  stm32f10x_tim.o(.text)
    TIM_ForcedOC4Config                      0x080024df   Thumb Code    26  stm32f10x_tim.o(.text)
    TIM_ARRPreloadConfig                     0x080024f9   Thumb Code    24  stm32f10x_tim.o(.text)
    TIM_SelectCOM                            0x08002511   Thumb Code    24  stm32f10x_tim.o(.text)
    TIM_SelectCCDMA                          0x08002529   Thumb Code    24  stm32f10x_tim.o(.text)
    TIM_CCPreloadControl                     0x08002541   Thumb Code    24  stm32f10x_tim.o(.text)
    TIM_OC1PreloadConfig                     0x08002559   Thumb Code    18  stm32f10x_tim.o(.text)
    TIM_OC2PreloadConfig                     0x0800256b   Thumb Code    26  stm32f10x_tim.o(.text)
    TIM_OC3PreloadConfig                     0x08002585   Thumb Code    18  stm32f10x_tim.o(.text)
    TIM_OC4PreloadConfig                     0x08002597   Thumb Code    26  stm32f10x_tim.o(.text)
    TIM_OC1FastConfig                        0x080025b1   Thumb Code    18  stm32f10x_tim.o(.text)
    TIM_OC2FastConfig                        0x080025c3   Thumb Code    26  stm32f10x_tim.o(.text)
    TIM_OC3FastConfig                        0x080025dd   Thumb Code    18  stm32f10x_tim.o(.text)
    TIM_OC4FastConfig                        0x080025ef   Thumb Code    26  stm32f10x_tim.o(.text)
    TIM_ClearOC1Ref                          0x08002609   Thumb Code    18  stm32f10x_tim.o(.text)
    TIM_ClearOC2Ref                          0x0800261b   Thumb Code    24  stm32f10x_tim.o(.text)
    TIM_ClearOC3Ref                          0x08002633   Thumb Code    18  stm32f10x_tim.o(.text)
    TIM_ClearOC4Ref                          0x08002645   Thumb Code    24  stm32f10x_tim.o(.text)
    TIM_OC1PolarityConfig                    0x0800265d   Thumb Code    18  stm32f10x_tim.o(.text)
    TIM_OC1NPolarityConfig                   0x0800266f   Thumb Code    18  stm32f10x_tim.o(.text)
    TIM_OC2PolarityConfig                    0x08002681   Thumb Code    26  stm32f10x_tim.o(.text)
    TIM_OC2NPolarityConfig                   0x0800269b   Thumb Code    26  stm32f10x_tim.o(.text)
    TIM_OC3PolarityConfig                    0x080026b5   Thumb Code    26  stm32f10x_tim.o(.text)
    TIM_OC3NPolarityConfig                   0x080026cf   Thumb Code    26  stm32f10x_tim.o(.text)
    TIM_OC4PolarityConfig                    0x080026e9   Thumb Code    26  stm32f10x_tim.o(.text)
    TIM_CCxCmd                               0x08002703   Thumb Code    30  stm32f10x_tim.o(.text)
    TIM_CCxNCmd                              0x08002721   Thumb Code    30  stm32f10x_tim.o(.text)
    TIM_SelectOCxM                           0x0800273f   Thumb Code    82  stm32f10x_tim.o(.text)
    TIM_UpdateDisableConfig                  0x08002791   Thumb Code    24  stm32f10x_tim.o(.text)
    TIM_UpdateRequestConfig                  0x080027a9   Thumb Code    24  stm32f10x_tim.o(.text)
    TIM_SelectHallSensor                     0x080027c1   Thumb Code    24  stm32f10x_tim.o(.text)
    TIM_SelectOnePulseMode                   0x080027d9   Thumb Code    18  stm32f10x_tim.o(.text)
    TIM_SelectOutputTrigger                  0x080027eb   Thumb Code    18  stm32f10x_tim.o(.text)
    TIM_SelectSlaveMode                      0x080027fd   Thumb Code    18  stm32f10x_tim.o(.text)
    TIM_SelectMasterSlaveMode                0x0800280f   Thumb Code    18  stm32f10x_tim.o(.text)
    TIM_SetCounter                           0x08002821   Thumb Code     4  stm32f10x_tim.o(.text)
    TIM_SetAutoreload                        0x08002825   Thumb Code     4  stm32f10x_tim.o(.text)
    TIM_SetCompare1                          0x08002829   Thumb Code     4  stm32f10x_tim.o(.text)
    TIM_SetCompare2                          0x0800282d   Thumb Code     4  stm32f10x_tim.o(.text)
    TIM_SetCompare3                          0x08002831   Thumb Code     4  stm32f10x_tim.o(.text)
    TIM_SetCompare4                          0x08002835   Thumb Code     6  stm32f10x_tim.o(.text)
    TIM_SetClockDivision                     0x0800283b   Thumb Code    18  stm32f10x_tim.o(.text)
    TIM_GetCapture1                          0x0800284d   Thumb Code     6  stm32f10x_tim.o(.text)
    TIM_GetCapture2                          0x08002853   Thumb Code     6  stm32f10x_tim.o(.text)
    TIM_GetCapture3                          0x08002859   Thumb Code     6  stm32f10x_tim.o(.text)
    TIM_GetCapture4                          0x0800285f   Thumb Code     8  stm32f10x_tim.o(.text)
    TIM_GetCounter                           0x08002867   Thumb Code     6  stm32f10x_tim.o(.text)
    TIM_GetPrescaler                         0x0800286d   Thumb Code     6  stm32f10x_tim.o(.text)
    TIM_GetFlagStatus                        0x08002873   Thumb Code    18  stm32f10x_tim.o(.text)
    TIM_ClearFlag                            0x08002885   Thumb Code     6  stm32f10x_tim.o(.text)
    TIM_GetITStatus                          0x0800288b   Thumb Code    34  stm32f10x_tim.o(.text)
    TIM_ClearITPendingBit                    0x080028ad   Thumb Code     6  stm32f10x_tim.o(.text)
    USART_DeInit                             0x080028b5   Thumb Code   134  stm32f10x_usart.o(.text)
    USART_Init                               0x0800293b   Thumb Code   210  stm32f10x_usart.o(.text)
    USART_StructInit                         0x08002a0d   Thumb Code    24  stm32f10x_usart.o(.text)
    USART_ClockInit                          0x08002a25   Thumb Code    34  stm32f10x_usart.o(.text)
    USART_ClockStructInit                    0x08002a47   Thumb Code    12  stm32f10x_usart.o(.text)
    USART_Cmd                                0x08002a53   Thumb Code    24  stm32f10x_usart.o(.text)
    USART_ITConfig                           0x08002a6b   Thumb Code    74  stm32f10x_usart.o(.text)
    USART_DMACmd                             0x08002ab5   Thumb Code    18  stm32f10x_usart.o(.text)
    USART_SetAddress                         0x08002ac7   Thumb Code    18  stm32f10x_usart.o(.text)
    USART_WakeUpConfig                       0x08002ad9   Thumb Code    18  stm32f10x_usart.o(.text)
    USART_ReceiverWakeUpCmd                  0x08002aeb   Thumb Code    24  stm32f10x_usart.o(.text)
    USART_LINBreakDetectLengthConfig         0x08002b03   Thumb Code    18  stm32f10x_usart.o(.text)
    USART_LINCmd                             0x08002b15   Thumb Code    24  stm32f10x_usart.o(.text)
    USART_SendData                           0x08002b2d   Thumb Code     8  stm32f10x_usart.o(.text)
    USART_ReceiveData                        0x08002b35   Thumb Code    10  stm32f10x_usart.o(.text)
    USART_SendBreak                          0x08002b3f   Thumb Code    10  stm32f10x_usart.o(.text)
    USART_SetGuardTime                       0x08002b49   Thumb Code    16  stm32f10x_usart.o(.text)
    USART_SetPrescaler                       0x08002b59   Thumb Code    16  stm32f10x_usart.o(.text)
    USART_SmartCardCmd                       0x08002b69   Thumb Code    24  stm32f10x_usart.o(.text)
    USART_SmartCardNACKCmd                   0x08002b81   Thumb Code    24  stm32f10x_usart.o(.text)
    USART_HalfDuplexCmd                      0x08002b99   Thumb Code    24  stm32f10x_usart.o(.text)
    USART_OverSampling8Cmd                   0x08002bb1   Thumb Code    22  stm32f10x_usart.o(.text)
    USART_OneBitMethodCmd                    0x08002bc7   Thumb Code    24  stm32f10x_usart.o(.text)
    USART_IrDAConfig                         0x08002bdf   Thumb Code    18  stm32f10x_usart.o(.text)
    USART_IrDACmd                            0x08002bf1   Thumb Code    24  stm32f10x_usart.o(.text)
    USART_GetFlagStatus                      0x08002c09   Thumb Code    26  stm32f10x_usart.o(.text)
    USART_ClearFlag                          0x08002c23   Thumb Code    18  stm32f10x_usart.o(.text)
    USART_GetITStatus                        0x08002c35   Thumb Code    84  stm32f10x_usart.o(.text)
    USART_ClearITPendingBit                  0x08002c89   Thumb Code    52  stm32f10x_usart.o(.text)
    main                                     0x08002cbd   Thumb Code    48  main.o(.text)
    TIM3_IRQHandler                          0x08002cf5   Thumb Code   184  stm32f10x_it.o(.text)
    NMI_Handler                              0x08002dad   Thumb Code     2  stm32f10x_it.o(.text)
    HardFault_Handler                        0x08002daf   Thumb Code     4  stm32f10x_it.o(.text)
    MemManage_Handler                        0x08002db3   Thumb Code     4  stm32f10x_it.o(.text)
    BusFault_Handler                         0x08002db7   Thumb Code     4  stm32f10x_it.o(.text)
    UsageFault_Handler                       0x08002dbb   Thumb Code     4  stm32f10x_it.o(.text)
    SVC_Handler                              0x08002dbf   Thumb Code     2  stm32f10x_it.o(.text)
    DebugMon_Handler                         0x08002dc1   Thumb Code     2  stm32f10x_it.o(.text)
    DMA1_Channel6_IRQHandler                 0x08002dc3   Thumb Code     8  stm32f10x_it.o(.text)
    PendSV_Handler                           0x08002dcb   Thumb Code     2  stm32f10x_it.o(.text)
    SysTick_Handler                          0x08002dcd   Thumb Code     2  stm32f10x_it.o(.text)
    USART2_Config                            0x08002df5   Thumb Code   144  bsp_usart2.o(.text)
    bsp_USART2_IRQHandler                    0x08002ee7   Thumb Code    48  bsp_usart2.o(.text)
    get_rebuff                               0x08002f17   Thumb Code    12  bsp_usart2.o(.text)
    clean_rebuff                             0x08002f23   Thumb Code     8  bsp_usart2.o(.text)
    USART2_printf                            0x08002f2b   Thumb Code   262  bsp_usart2.o(.text)
    ADC1_Init                                0x0800313d   Thumb Code    12  adc.o(.text)
    LED_Init                                 0x08003159   Thumb Code    88  led.o(.text)
    Test_Pwm_Pin                             0x080031b1   Thumb Code    46  led.o(.text)
    LED_Sailing                              0x080031df   Thumb Code   126  led.o(.text)
    SPI1_ReadWriteByte                       0x08003271   Thumb Code    78  spi.o(.text)
    SPI1_Config                              0x080032bf   Thumb Code   218  spi.o(.text)
    SPI1_SetSpeed                            0x08003399   Thumb Code    36  spi.o(.text)
    I2C_INIT                                 0x080033c9   Thumb Code    64  i2c.o(.text)
    I2C_delay                                0x08003409   Thumb Code     4  i2c.o(.text)
    delay5ms                                 0x0800340d   Thumb Code    14  i2c.o(.text)
    I2C_Start                                0x0800341b   Thumb Code    86  i2c.o(.text)
    I2C_Stop                                 0x08003471   Thumb Code    52  i2c.o(.text)
    I2C_Ack                                  0x080034a5   Thumb Code    52  i2c.o(.text)
    I2C_NoAck                                0x080034d9   Thumb Code    52  i2c.o(.text)
    I2C_WaitAck                              0x0800350d   Thumb Code    82  i2c.o(.text)
    I2C_SendByte                             0x0800355f   Thumb Code    82  i2c.o(.text)
    I2C_RadeByte                             0x080035b1   Thumb Code    80  i2c.o(.text)
    Single_Write                             0x08003601   Thumb Code    70  i2c.o(.text)
    Single_Write_MS5611                      0x08003647   Thumb Code    58  i2c.o(.text)
    Single_Read                              0x08003681   Thumb Code    80  i2c.o(.text)
    Delay                                    0x080036d5   Thumb Code    18  key.o(.text)
    KEY_Init                                 0x080036e7   Thumb Code    40  key.o(.text)
    Key_Scan                                 0x0800370f   Thumb Code   286  key.o(.text)
    OLED_WrDat                               0x08003831   Thumb Code    86  oled.o(.text)
    OLED_WrCmd                               0x08003887   Thumb Code    84  oled.o(.text)
    OLED_Set_Pos                             0x080038db   Thumb Code    36  oled.o(.text)
    OLED_Fill                                0x080038ff   Thumb Code    58  oled.o(.text)
    OLED_CLS                                 0x08003939   Thumb Code    56  oled.o(.text)
    OLED_DLY_ms                              0x08003971   Thumb Code    24  oled.o(.text)
    adjust                                   0x08003989   Thumb Code    12  oled.o(.text)
    SetStartColumn                           0x08003995   Thumb Code    44  oled.o(.text)
    SetAddressingMode                        0x080039c1   Thumb Code    18  oled.o(.text)
    SetColumnAddress                         0x080039d3   Thumb Code    26  oled.o(.text)
    SetPageAddress                           0x080039ed   Thumb Code    26  oled.o(.text)
    SetStartLine                             0x08003a07   Thumb Code    14  oled.o(.text)
    SetContrastControl                       0x08003a15   Thumb Code    18  oled.o(.text)
    Set_Charge_Pump                          0x08003a27   Thumb Code    20  oled.o(.text)
    Set_Segment_Remap                        0x08003a3b   Thumb Code    14  oled.o(.text)
    Set_Entire_Display                       0x08003a49   Thumb Code    14  oled.o(.text)
    Set_Inverse_Display                      0x08003a57   Thumb Code    14  oled.o(.text)
    Set_Multiplex_Ratio                      0x08003a65   Thumb Code    18  oled.o(.text)
    Set_Display_On_Off                       0x08003a77   Thumb Code    14  oled.o(.text)
    SetStartPage                             0x08003a85   Thumb Code    14  oled.o(.text)
    Set_Common_Remap                         0x08003a93   Thumb Code    14  oled.o(.text)
    Set_Display_Offset                       0x08003aa1   Thumb Code    18  oled.o(.text)
    Set_Display_Clock                        0x08003ab3   Thumb Code    18  oled.o(.text)
    Set_Precharge_Period                     0x08003ac5   Thumb Code    18  oled.o(.text)
    Set_Common_Config                        0x08003ad7   Thumb Code    20  oled.o(.text)
    Set_VCOMH                                0x08003aeb   Thumb Code    18  oled.o(.text)
    Set_NOP                                  0x08003afd   Thumb Code    10  oled.o(.text)
    OLED_Init                                0x08003b07   Thumb Code   232  oled.o(.text)
    OLED_PutPixel                            0x08003bef   Thumb Code    80  oled.o(.text)
    OLED_Rectangle                           0x08003c3f   Thumb Code   484  oled.o(.text)
    OLED_P6x8Str                             0x08003e23   Thumb Code    96  oled.o(.text)
    OLED_P8x16Str                            0x08003e83   Thumb Code   130  oled.o(.text)
    OLED_P14x16Str                           0x08003f05   Thumb Code   246  oled.o(.text)
    OLED_Print                               0x08003ffb   Thumb Code   100  oled.o(.text)
    Dis_Char                                 0x0800405f   Thumb Code    34  oled.o(.text)
    Dis_String                               0x08004081   Thumb Code   104  oled.o(.text)
    Dis_Num                                  0x080040e9   Thumb Code   160  oled.o(.text)
    Dis_Float                                0x08004189   Thumb Code   464  oled.o(.text)
    Dis_Float2                               0x08004359   Thumb Code   354  oled.o(.text)
    Draw_BMP                                 0x080044bb   Thumb Code   116  oled.o(.text)
    Draw_LQLogo                              0x0800452f   Thumb Code    50  oled.o(.text)
    Draw_LibLogo                             0x08004561   Thumb Code    50  oled.o(.text)
    OLED_P8x16Num_8bit                       0x08004593   Thumb Code    60  oled.o(.text)
    OLED_P6x8Num_8bit                        0x080045cf   Thumb Code    60  oled.o(.text)
    OLED_Num                                 0x0800460b   Thumb Code    60  oled.o(.text)
    OLED_3num                                0x08004647   Thumb Code    90  oled.o(.text)
    OLED_4num                                0x080046a1   Thumb Code   134  oled.o(.text)
    OLED_Num5                                0x08004727   Thumb Code   170  oled.o(.text)
    Tim2_init                                0x080047d1   Thumb Code   172  moto.o(.text)
    Moto_Init                                0x0800487d   Thumb Code    42  moto.o(.text)
    Moto_PwmRflash                           0x080048a7   Thumb Code    74  moto.o(.text)
    TIM3_Init                                0x080048fd   Thumb Code    74  time.o(.text)
    Nvic_Init                                0x08004947   Thumb Code   126  time.o(.text)
    _sys_exit                                0x080049c9   Thumb Code     6  usart.o(.text)
    fputc                                    0x080049cf   Thumb Code    24  usart.o(.text)
    uart_init                                0x080049e7   Thumb Code   152  usart.o(.text)
    USART1_IRQHandler                        0x08004a7f   Thumb Code   120  usart.o(.text)
    USART1_Send_one_Byte                     0x08004af7   Thumb Code    28  usart.o(.text)
    USART1_SendString                        0x08004b13   Thumb Code    22  usart.o(.text)
    Usart1_Send                              0x08004b29   Thumb Code    62  usart.o(.text)
    delay_init                               0x08004b7d   Thumb Code    56  delay.o(.text)
    delay_ms                                 0x08004bb5   Thumb Code    56  delay.o(.text)
    delay_us                                 0x08004bed   Thumb Code    56  delay.o(.text)
    delay                                    0x08004c25   Thumb Code    24  delay.o(.text)
    InitCurrWrAddress                        0x08004c95   Thumb Code    92  eeprom.o(.text)
    EE_ReadVariable                          0x08004da3   Thumb Code    90  eeprom.o(.text)
    __EE_Init                                0x08004dfd   Thumb Code   492  eeprom.o(.text)
    EE_Init                                  0x08004fe9   Thumb Code    16  eeprom.o(.text)
    EE_WriteVariable                         0x080050f3   Thumb Code    36  eeprom.o(.text)
    MS561101BA_RESET                         0x08005129   Thumb Code    32  ms5611.o(.text)
    MS5611_init                              0x08005149   Thumb Code   136  ms5611.o(.text)
    MS561101BA_startConversion               0x080051d1   Thumb Code    34  ms5611.o(.text)
    MS561101BA_getConversion                 0x080051f3   Thumb Code    98  ms5611.o(.text)
    MS561101BA_getTemperature                0x08005255   Thumb Code   218  ms5611.o(.text)
    MS561101BA_getPressure                   0x0800532f   Thumb Code   520  ms5611.o(.text)
    Get_High                                 0x08005537   Thumb Code    80  ms5611.o(.text)
    InitMPU6050                              0x080055ed   Thumb Code   102  mpu6050.o(.text)
    MPU6050_Read                             0x08005653   Thumb Code   148  mpu6050.o(.text)
    MPU_Acc_Offset                           0x080056e7   Thumb Code   184  mpu6050.o(.text)
    MPU6050_Dataanl                          0x0800579f   Thumb Code   346  mpu6050.o(.text)
    Gyro_OFFEST                              0x080058f9   Thumb Code   166  mpu6050.o(.text)
    Init_HMC5883L                            0x080059b1   Thumb Code    18  hmc5883.o(.text)
    Multiple_Read_HMC5883L                   0x080059c3   Thumb Code   352  hmc5883.o(.text)
    NRF24L01_Init                            0x08005b61   Thumb Code    24  nrf24l01.o(.text)
    NRF24L01_Read_Buf                        0x08005b79   Thumb Code    60  nrf24l01.o(.text)
    NRF24L01_Write_Buf                       0x08005bb5   Thumb Code    60  nrf24l01.o(.text)
    NRF24L01_Check                           0x08005bf1   Thumb Code    72  nrf24l01.o(.text)
    NRF24L01_Write_Reg                       0x08005c39   Thumb Code    40  nrf24l01.o(.text)
    NRF24L01_Read_Reg                        0x08005c61   Thumb Code    38  nrf24l01.o(.text)
    NRF24L01_TxPacket                        0x08005c87   Thumb Code    98  nrf24l01.o(.text)
    NRF24L01_RxPacket                        0x08005ce9   Thumb Code    58  nrf24l01.o(.text)
    NRF24L01_Mode                            0x08005d23   Thumb Code   236  nrf24l01.o(.text)
    TIM4_Cap_Init                            0x08005e29   Thumb Code   294  tim_pwm_in.o(.text)
    TIM4_IRQHandler                          0x08005f4f   Thumb Code   484  tim_pwm_in.o(.text)
    STMFLASH_ReadHalfWord                    0x08006149   Thumb Code     6  stmflash.o(.text)
    STMFLASH_Write_NoCheck                   0x0800614f   Thumb Code    38  stmflash.o(.text)
    STMFLASH_Read                            0x08006175   Thumb Code    34  stmflash.o(.text)
    STMFLASH_Write                           0x08006197   Thumb Code   222  stmflash.o(.text)
    Test_Write                               0x08006275   Thumb Code    16  stmflash.o(.text)
    GPS_ProcessDMAIRQ                        0x080062b7   Thumb Code    50  gps_config.o(.text)
    GPS_Config                               0x0800634f   Thumb Code    12  gps_config.o(.text)
    trace                                    0x0800635b   Thumb Code     2  gps_config.o(.text)
    error                                    0x0800635d   Thumb Code     2  gps_config.o(.text)
    GMTconvert                               0x08006391   Thumb Code   356  gps_config.o(.text)
    sand_IMU_data                            0x08006509   Thumb Code   210  send.o(.text)
    sand_ACC_GYRO_data                       0x080065db   Thumb Code   306  send.o(.text)
    sand_RC_data                             0x0800670d   Thumb Code   246  send.o(.text)
    sand_Motor_data                          0x08006803   Thumb Code   166  send.o(.text)
    sand_PID_shell_data                      0x080068a9   Thumb Code   486  send.o(.text)
    sand_PID_core_data                       0x08006a8f   Thumb Code   436  send.o(.text)
    Data_Receive_Anl                         0x08006cad   Thumb Code   894  send.o(.text)
    Data_Receive_Prepare                     0x0800702b   Thumb Code   216  send.o(.text)
    Q_rsqrt                                  0x0800731f   Thumb Code    74  imu.o(.text)
    FL_ABS                                   0x08007369   Thumb Code    24  imu.o(.text)
    COS                                      0x08007381   Thumb Code    42  imu.o(.text)
    SIN                                      0x080073ab   Thumb Code    46  imu.o(.text)
    VariableParameter                        0x080073d9   Thumb Code    92  imu.o(.text)
    filtergx                                 0x08007435   Thumb Code    74  imu.o(.text)
    filtergy                                 0x0800747f   Thumb Code    74  imu.o(.text)
    filtergz                                 0x080074c9   Thumb Code    74  imu.o(.text)
    filterd                                  0x08007513   Thumb Code   106  imu.o(.text)
    filterz                                  0x0800757d   Thumb Code    96  imu.o(.text)
    filteru                                  0x080075dd   Thumb Code    46  imu.o(.text)
    Yijielvbo                                0x0800760b   Thumb Code   202  imu.o(.text)
    Prepare_Data                             0x080076d5   Thumb Code   176  imu.o(.text)
    IMUupdate                                0x08007785   Thumb Code  2534  imu.o(.text)
    Get_Attitude                             0x0800816b   Thumb Code   108  imu.o(.text)
    IAC_Init                                 0x08008205   Thumb Code    72  app.o(.text)
    Sensor_Init                              0x0800824d   Thumb Code    46  app.o(.text)
    State_Display                            0x0800827b   Thumb Code   134  app.o(.text)
    BATTDispaly                              0x08008301   Thumb Code   290  app.o(.text)
    fanhuifudianshu                          0x080084ed   Thumb Code   174  param.o(.text)
    PID_shell_SAVE                           0x0800859b   Thumb Code   386  param.o(.text)
    PID_roll_SAVE                            0x0800871d   Thumb Code   388  param.o(.text)
    PID_shell_Read                           0x080088a1   Thumb Code   336  param.o(.text)
    PID_roll_Read                            0x080089f1   Thumb Code   316  param.o(.text)
    EE_SAVE_ACC_OFFSET                       0x08008b53   Thumb Code    52  param.o(.text)
    floatTURN2char1000x                      0x08008b87   Thumb Code    42  param.o(.text)
    paramLoad                                0x08008bb1   Thumb Code    12  param.o(.text)
    Receive_NRF_Data                         0x08008bbd   Thumb Code    74  param.o(.text)
    US100_CONTROL                            0x08008c31   Thumb Code   208  control.o(.text)
    CONTROL                                  0x08008d01   Thumb Code  1642  control.o(.text)
    ALGH_set                                 0x0800936b   Thumb Code   180  control.o(.text)
    Deblocking                               0x0800941f   Thumb Code   246  control.o(.text)
    __aeabi_uldivmod                         0x08009521   Thumb Code    98  uldiv.o(.text)
    __aeabi_memset                           0x08009583   Thumb Code    14  memseta.o(.text)
    __aeabi_memset4                          0x08009583   Thumb Code     0  memseta.o(.text)
    __aeabi_memset8                          0x08009583   Thumb Code     0  memseta.o(.text)
    __aeabi_memclr                           0x08009591   Thumb Code     4  memseta.o(.text)
    __aeabi_memclr4                          0x08009591   Thumb Code     0  memseta.o(.text)
    __aeabi_memclr8                          0x08009591   Thumb Code     0  memseta.o(.text)
    _memset$wrapper                          0x08009595   Thumb Code    18  memseta.o(.text)
    __aeabi_fadd                             0x080095a7   Thumb Code   164  fadd.o(.text)
    __aeabi_fsub                             0x0800964b   Thumb Code     6  fadd.o(.text)
    __aeabi_frsub                            0x08009651   Thumb Code     6  fadd.o(.text)
    __aeabi_fmul                             0x08009657   Thumb Code   100  fmul.o(.text)
    __aeabi_fdiv                             0x080096bb   Thumb Code   124  fdiv.o(.text)
    __aeabi_dadd                             0x08009737   Thumb Code   322  dadd.o(.text)
    __aeabi_dsub                             0x08009879   Thumb Code     6  dadd.o(.text)
    __aeabi_drsub                            0x0800987f   Thumb Code     6  dadd.o(.text)
    __aeabi_dmul                             0x08009885   Thumb Code   228  dmul.o(.text)
    __aeabi_ddiv                             0x08009969   Thumb Code   222  ddiv.o(.text)
    __aeabi_i2f                              0x08009a47   Thumb Code    18  fflti.o(.text)
    __aeabi_ui2f                             0x08009a59   Thumb Code    10  ffltui.o(.text)
    __aeabi_ul2f                             0x08009a63   Thumb Code    28  ffltul.o(.text)
    __aeabi_i2d                              0x08009a7f   Thumb Code    34  dflti.o(.text)
    __aeabi_ui2d                             0x08009aa1   Thumb Code    26  dfltui.o(.text)
    __aeabi_ul2d                             0x08009abb   Thumb Code    24  dfltul.o(.text)
    __aeabi_f2iz                             0x08009ad3   Thumb Code    50  ffixi.o(.text)
    __aeabi_f2uiz                            0x08009b05   Thumb Code    40  ffixui.o(.text)
    __aeabi_d2iz                             0x08009b2d   Thumb Code    62  dfixi.o(.text)
    __aeabi_d2uiz                            0x08009b6b   Thumb Code    50  dfixui.o(.text)
    __aeabi_f2d                              0x08009b9d   Thumb Code    38  f2d.o(.text)
    __aeabi_cdcmpeq                          0x08009bc5   Thumb Code     0  cdcmple.o(.text)
    __aeabi_cdcmple                          0x08009bc5   Thumb Code    48  cdcmple.o(.text)
    __aeabi_d2f                              0x08009bf5   Thumb Code    56  d2f.o(.text)
    __aeabi_cfcmpeq                          0x08009c2d   Thumb Code     0  cfcmple.o(.text)
    __aeabi_cfcmple                          0x08009c2d   Thumb Code    20  cfcmple.o(.text)
    __aeabi_cfrcmple                         0x08009c41   Thumb Code    20  cfrcmple.o(.text)
    __aeabi_llsl                             0x08009c55   Thumb Code    30  llshl.o(.text)
    _ll_shift_l                              0x08009c55   Thumb Code     0  llshl.o(.text)
    __aeabi_llsr                             0x08009c73   Thumb Code    32  llushr.o(.text)
    _ll_ushift_r                             0x08009c73   Thumb Code     0  llushr.o(.text)
    __aeabi_lasr                             0x08009c93   Thumb Code    36  llsshr.o(.text)
    _ll_sshift_r                             0x08009c93   Thumb Code     0  llsshr.o(.text)
    __I$use$fp                               0x08009cb7   Thumb Code     0  iusefp.o(.text)
    _float_round                             0x08009cb7   Thumb Code    18  fepilogue.o(.text)
    _float_epilogue                          0x08009cc9   Thumb Code    92  fepilogue.o(.text)
    _double_round                            0x08009d25   Thumb Code    30  depilogue.o(.text)
    _double_epilogue                         0x08009d43   Thumb Code   156  depilogue.o(.text)
    __ARM_scalbn                             0x08009ddf   Thumb Code    46  dscalb.o(.text)
    scalbn                                   0x08009ddf   Thumb Code     0  dscalb.o(.text)
    _dsqrt                                   0x08009e0d   Thumb Code   162  dsqrt.o(.text)
    __scatterload                            0x08009eb1   Thumb Code    28  init.o(.text)
    __scatterload_rt2                        0x08009eb1   Thumb Code     0  init.o(.text)
    __decompress                             0x08009ed5   Thumb Code     0  __dczerorl2.o(.text)
    __decompress1                            0x08009ed5   Thumb Code    86  __dczerorl2.o(.text)
    __ARM_fpclassify                         0x08009f2b   Thumb Code    40  fpclassify.o(i.__ARM_fpclassify)
    __kernel_poly                            0x08009f53   Thumb Code   170  poly.o(i.__kernel_poly)
    __mathlib_dbl_infnan                     0x08009ffd   Thumb Code     6  dunder.o(i.__mathlib_dbl_infnan)
    __mathlib_dbl_infnan2                    0x0800a003   Thumb Code     4  dunder.o(i.__mathlib_dbl_infnan2)
    __mathlib_dbl_invalid                    0x0800a007   Thumb Code    12  dunder.o(i.__mathlib_dbl_invalid)
    __mathlib_dbl_underflow                  0x0800a015   Thumb Code    10  dunder.o(i.__mathlib_dbl_underflow)
    __scatterload_copy                       0x0800a025   Thumb Code    14  handlers.o(i.__scatterload_copy)
    __scatterload_null                       0x0800a033   Thumb Code     2  handlers.o(i.__scatterload_null)
    __scatterload_zeroinit                   0x0800a035   Thumb Code    14  handlers.o(i.__scatterload_zeroinit)
    __set_errno                              0x0800a045   Thumb Code     6  errno.o(i.__set_errno)
    asin                                     0x0800a051   Thumb Code   572  asin.o(i.asin)
    atan                                     0x0800a2c1   Thumb Code   474  atan.o(i.atan)
    atan2                                    0x0800a4e1   Thumb Code   346  atan2.o(i.atan2)
    sqrt                                     0x0800a661   Thumb Code    76  sqrt.o(i.sqrt)
    F6x8                                     0x0800a6ac   Data         552  oled.o(.constdata)
    F14x16_Idx                               0x0800a8d4   Data          31  oled.o(.constdata)
    F14x16                                   0x0800a8f3   Data         420  oled.o(.constdata)
    F8X16                                    0x0800aa97   Data        1520  oled.o(.constdata)
    LIBLOGO60x58                             0x0800b087   Data         480  oled.o(.constdata)
    TX_ADDRESS                               0x0800b267   Data           5  nrf24l01.o(.constdata)
    RX_ADDRESS                               0x0800b26c   Data           5  nrf24l01.o(.constdata)
    __mathlib_zero                           0x0800b360   Data           8  qnan.o(.constdata)
    Region$$Table$$Base                      0x0800b368   Number         0  anon$$obj.o(Region$$Table)
    Region$$Table$$Limit                     0x0800b388   Number         0  anon$$obj.o(Region$$Table)
    SystemCoreClock                          0x20000000   Data           4  system_stm32f10x.o(.data)
    AHBPrescTable                            0x20000004   Data          16  system_stm32f10x.o(.data)
    USE_US100_IS                             0x20000028   Data           4  stm32f10x_it.o(.data)
    sentDateFlag                             0x2000002c   Data           1  stm32f10x_it.o(.data)
    temp_us100                               0x2000002d   Data           5  stm32f10x_it.o(.data)
    temp_data                                0x20000034   Data           4  stm32f10x_it.o(.data)
    datatempf                                0x20000038   Data           2  stm32f10x_it.o(.data)
    RxState                                  0x2000003a   Data           1  stm32f10x_it.o(.data)
    uart_p                                   0x20000040   Data           1  bsp_usart2.o(.data)
    ADC_ConvertedValue                       0x20000042   Data           2  adc.o(.data)
    longqiu96x64                             0x20000048   Data         768  oled.o(.data)
    TIM3_time                                0x20000348   Data           4  time.o(.data)
    TIM3_last_time                           0x2000034c   Data           4  time.o(.data)
    __stdout                                 0x20000350   Data           4  usart.o(.data)
    USART_RX_STA                             0x20000354   Data           2  usart.o(.data)
    TxCounter                                0x20000356   Data           1  usart.o(.data)
    count                                    0x20000357   Data           1  usart.o(.data)
    DataVar                                  0x2000035c   Data           2  eeprom.o(.data)
    CurWrAddress                             0x20000360   Data           4  eeprom.o(.data)
    Pressure                                 0x20000368   Data           4  ms5611.o(.data)
    Pressure_old                             0x2000036c   Data           4  ms5611.o(.data)
    qqp                                      0x20000370   Data           4  ms5611.o(.data)
    SETPressure                              0x20000374   Data           4  ms5611.o(.data)
    TEMPSETPressure                          0x20000378   Data           4  ms5611.o(.data)
    TEMP2                                    0x2000037c   Data           4  ms5611.o(.data)
    T2                                       0x20000380   Data           4  ms5611.o(.data)
    OFF2                                     0x20000384   Data           4  ms5611.o(.data)
    SENS2                                    0x20000388   Data           4  ms5611.o(.data)
    BARO_MODE                                0x2000038c   Data           1  ms5611.o(.data)
    qidongdinggaoTHR                         0x20000390   Data           4  ms5611.o(.data)
    OUT_THROTTLE                             0x20000394   Data           4  ms5611.o(.data)
    OFF_                                     0x20000398   Data           8  ms5611.o(.data)
    Aux                                      0x200003a0   Data           4  ms5611.o(.data)
    dT                                       0x200003a8   Data           8  ms5611.o(.data)
    TEMP                                     0x200003b0   Data           8  ms5611.o(.data)
    OFf                                      0x200003b8   Data           8  ms5611.o(.data)
    SENS                                     0x200003c0   Data           8  ms5611.o(.data)
    D1_Pres                                  0x200003c8   Data           4  ms5611.o(.data)
    D2_Temp                                  0x200003cc   Data           4  ms5611.o(.data)
    i                                        0x200003d0   Data           1  ms5611.o(.data)
    X_HMC                                    0x200003d8   Data           2  hmc5883.o(.data)
    Y_HMC                                    0x200003da   Data           2  hmc5883.o(.data)
    Z_HMC                                    0x200003dc   Data           2  hmc5883.o(.data)
    x                                        0x200003de   Data           2  hmc5883.o(.data)
    y                                        0x200003e0   Data           2  hmc5883.o(.data)
    z                                        0x200003e2   Data           2  hmc5883.o(.data)
    x_offest                                 0x200003e4   Data           2  hmc5883.o(.data)
    y_offest                                 0x200003e6   Data           2  hmc5883.o(.data)
    y_gain                                   0x200003e8   Data           8  hmc5883.o(.data)
    Rise                                     0x200003f2   Data           8  tim_pwm_in.o(.data)
    Drop                                     0x200003fa   Data           8  tim_pwm_in.o(.data)
    GPS_TransferEnd                          0x20000402   Data           1  gps_config.o(.data)
    GPS_HalfTransferEnd                      0x20000403   Data           1  gps_config.o(.data)
    valuex                                   0x20000408   Data           4  imu.o(.data)
    valuey                                   0x2000040c   Data           4  imu.o(.data)
    valuez                                   0x20000410   Data           4  imu.o(.data)
    value                                    0x20000414   Data           1  imu.o(.data)
    new_value                                0x20000418   Data           4  imu.o(.data)
    Filter_Value                             0x2000041c   Data           4  imu.o(.data)
    Value                                    0x20000420   Data           4  imu.o(.data)
    ggx                                      0x20000424   Data           2  imu.o(.data)
    ggy                                      0x20000426   Data           2  imu.o(.data)
    ggz                                      0x20000428   Data           2  imu.o(.data)
    K1                                       0x2000042c   Data           4  imu.o(.data)
    dt                                       0x20000430   Data           4  imu.o(.data)
    angle1                                   0x20000434   Data           4  imu.o(.data)
    PI                                       0x20000438   Data           4  imu.o(.data)
    angle_new                                0x2000043c   Data           2  imu.o(.data)
    b_IIR                                    0x20000440   Data          40  imu.o(.data)
    a_IIR                                    0x20000468   Data          40  imu.o(.data)
    q0                                       0x20000490   Data           4  imu.o(.data)
    q1                                       0x20000494   Data           4  imu.o(.data)
    q2                                       0x20000498   Data           4  imu.o(.data)
    q3                                       0x2000049c   Data           4  imu.o(.data)
    exInt                                    0x200004a0   Data           4  imu.o(.data)
    eyInt                                    0x200004a4   Data           4  imu.o(.data)
    ezInt                                    0x200004a8   Data           4  imu.o(.data)
    Init_State                               0x200004e0   Data           4  app.o(.data)
    commad                                   0x200004e8   Data           1  param.o(.data)
    sendms                                   0x200004e9   Data           1  param.o(.data)
    VirtAddVarTab                            0x200004ea   Data          30  param.o(.data)
    floatTURN2char1000x_char                 0x20000508   Data           2  param.o(.data)
    US_100_DATA                              0x2000050a   Data           2  param.o(.data)
    ReceiveDate                              0x2000050c   Data           1  param.o(.data)
    US_100_DATA_H                            0x2000050d   Data           1  param.o(.data)
    US_100_DATA_L                            0x2000050e   Data           1  param.o(.data)
    US100_Alt_V                              0x20000518   Data           4  param.o(.data)
    Alt_CuntTmep1                            0x2000051c   Data           4  param.o(.data)
    Alt_CuntTmep2                            0x20000520   Data           4  param.o(.data)
    Alt_Last                                 0x20000524   Data           4  param.o(.data)
    US100_Alt_Last                           0x20000528   Data           4  param.o(.data)
    Alt_V_CuntTmep1                          0x2000052c   Data           4  param.o(.data)
    Alt_V_CuntTmep2                          0x20000530   Data           4  param.o(.data)
    US100_Alt                                0x20000534   Data           4  param.o(.data)
    ARMED                                    0x2000053c   Data           1  control.o(.data)
    Moto_duty                                0x2000053e   Data           8  control.o(.data)
    alt_us100_1                              0x20000548   Data           4  control.o(.data)
    Land                                     0x2000054c   Data           4  control.o(.data)
    tr_tmep1                                 0x20000554   Data           4  control.o(.data)
    thr_last                                 0x20000558   Data           4  control.o(.data)
    thr_tmep1                                0x2000055c   Data           4  control.o(.data)
    thr_tmep                                 0x20000560   Data           4  control.o(.data)
    THR_Lock                                 0x20000564   Data           4  control.o(.data)
    rx_buf                                   0x2000057c   Data          32  main.o(.bss)
    tx_buf                                   0x2000059c   Data          32  main.o(.bss)
    uart_buff                                0x200005bc   Data         255  bsp_usart2.o(.bss)
    USART_RX_BUF                             0x200006bb   Data         200  usart.o(.bss)
    TxBuffer                                 0x20000783   Data         256  usart.o(.bss)
    Rx_Buf                                   0x20000883   Data         256  usart.o(.bss)
    Cal_C                                    0x20000984   Data          28  ms5611.o(.bss)
    Pres_BUFFER                              0x200009a0   Data          80  ms5611.o(.bss)
    Temp_BUFFER                              0x200009f0   Data          40  ms5611.o(.bss)
    sensor                                   0x20000a18   Data         104  mpu6050.o(.bss)
    mpu6050_buffer                           0x20000a80   Data          14  mpu6050.o(.bss)
    X_BUFF                                   0x20000a8e   Data          20  hmc5883.o(.bss)
    Y_BUFF                                   0x20000aa2   Data          20  hmc5883.o(.bss)
    Z_BUFF                                   0x20000ab6   Data          20  hmc5883.o(.bss)
    Rc_Data                                  0x20000aca   Data          22  tim_pwm_in.o(.bss)
    STMFLASH_BUF                             0x20000ae0   Data        2048  stmflash.o(.bss)
    gps_rbuff                                0x200012e0   Data         512  gps_config.o(.bss)
    angle                                    0x20001518   Data          12  imu.o(.bss)
    InPut_IIR                                0x20001528   Data         120  imu.o(.bss)
    OutPut_IIR                               0x200015a0   Data         120  imu.o(.bss)
    BATT                                     0x20001618   Data          80  app.o(.bss)
    ctrl                                     0x20001668   Data         220  control.o(.bss)
    PID_US100                                0x20001744   Data          24  control.o(.bss)
    __initial_sp                             0x20001b60   Data           0  startup_stm32f10x_hd.o(STACK)



==============================================================================

Memory Map of the image

  Image Entry point : 0x08000131

  Load Region LR_IROM1 (Base: 0x08000000, Size: 0x0000b904, Max: 0x00080000, ABSOLUTE, COMPRESSED[0x0000b5c8])

    Execution Region ER_IROM1 (Base: 0x08000000, Size: 0x0000b388, Max: 0x00080000, ABSOLUTE)

    Base Addr    Size         Type   Attr      Idx    E Section Name        Object

    0x08000000   0x00000130   Data   RO            3    RESET               startup_stm32f10x_hd.o
    0x08000130   0x00000000   Code   RO         1404  * .ARM.Collect$$$$00000000  mc_w.l(entry.o)
    0x08000130   0x00000004   Code   RO         1826    .ARM.Collect$$$$00000001  mc_w.l(entry2.o)
    0x08000134   0x00000004   Code   RO         1829    .ARM.Collect$$$$00000004  mc_w.l(entry5.o)
    0x08000138   0x00000000   Code   RO         1831    .ARM.Collect$$$$00000008  mc_w.l(entry7b.o)
    0x08000138   0x00000000   Code   RO         1833    .ARM.Collect$$$$0000000A  mc_w.l(entry8b.o)
    0x08000138   0x00000008   Code   RO         1834    .ARM.Collect$$$$0000000B  mc_w.l(entry9a.o)
    0x08000140   0x00000000   Code   RO         1836    .ARM.Collect$$$$0000000D  mc_w.l(entry10a.o)
    0x08000140   0x00000000   Code   RO         1838    .ARM.Collect$$$$0000000F  mc_w.l(entry11a.o)
    0x08000140   0x00000004   Code   RO         1827    .ARM.Collect$$$$00002712  mc_w.l(entry2.o)
    0x08000144   0x00000024   Code   RO            4    .text               startup_stm32f10x_hd.o
    0x08000168   0x000001e0   Code   RO           24    .text               system_stm32f10x.o
    0x08000348   0x000000dc   Code   RO          121    .text               misc.o
    0x08000424   0x0000044e   Code   RO          137    .text               stm32f10x_adc.o
    0x08000872   0x00000002   PAD
    0x08000874   0x00000254   Code   RO          221    .text               stm32f10x_dma.o
    0x08000ac8   0x000005bc   Code   RO          245    .text               stm32f10x_flash.o
    0x08001084   0x00000364   Code   RO          269    .text               stm32f10x_gpio.o
    0x080013e8   0x000003a4   Code   RO          317    .text               stm32f10x_rcc.o
    0x0800178c   0x0000030c   Code   RO          355    .text               stm32f10x_spi.o
    0x08001a98   0x00000e1a   Code   RO          367    .text               stm32f10x_tim.o
    0x080028b2   0x00000002   PAD
    0x080028b4   0x00000408   Code   RO          379    .text               stm32f10x_usart.o
    0x08002cbc   0x00000038   Code   RO          403    .text               main.o
    0x08002cf4   0x00000100   Code   RO          553    .text               stm32f10x_it.o
    0x08002df4   0x0000024c   Code   RO          580    .text               bsp_usart2.o
    0x08003040   0x00000118   Code   RO          606    .text               adc.o
    0x08003158   0x00000118   Code   RO          624    .text               led.o
    0x08003270   0x00000158   Code   RO          637    .text               spi.o
    0x080033c8   0x0000030c   Code   RO          653    .text               i2c.o
    0x080036d4   0x0000015c   Code   RO          665    .text               key.o
    0x08003830   0x00000fa0   Code   RO          677    .text               oled.o
    0x080047d0   0x0000012c   Code   RO          696    .text               moto.o
    0x080048fc   0x000000cc   Code   RO          708    .text               time.o
    0x080049c8   0x000001b4   Code   RO          723    .text               usart.o
    0x08004b7c   0x000000c8   Code   RO          754    .text               delay.o
    0x08004c44   0x000004e4   Code   RO          768    .text               eeprom.o
    0x08005128   0x000004c4   Code   RO          784    .text               ms5611.o
    0x080055ec   0x000003c4   Code   RO          803    .text               mpu6050.o
    0x080059b0   0x000001b0   Code   RO          823    .text               hmc5883.o
    0x08005b60   0x000002c8   Code   RO          842    .text               nrf24l01.o
    0x08005e28   0x00000320   Code   RO          857    .text               tim_pwm_in.o
    0x08006148   0x00000144   Code   RO          876    .text               stmflash.o
    0x0800628c   0x0000027c   Code   RO          891    .text               gps_config.o
    0x08006508   0x00000c18   Code   RO          935    .text               send.o
    0x08007120   0x000010e4   Code   RO          966    .text               imu.o
    0x08008204   0x000002e8   Code   RO          985    .text               app.o
    0x080084ec   0x00000744   Code   RO         1002    .text               param.o
    0x08008c30   0x000008f0   Code   RO         1022    .text               control.o
    0x08009520   0x00000062   Code   RO         1407    .text               mc_w.l(uldiv.o)
    0x08009582   0x00000024   Code   RO         1442    .text               mc_w.l(memseta.o)
    0x080095a6   0x000000b0   Code   RO         1743    .text               mf_w.l(fadd.o)
    0x08009656   0x00000064   Code   RO         1745    .text               mf_w.l(fmul.o)
    0x080096ba   0x0000007c   Code   RO         1747    .text               mf_w.l(fdiv.o)
    0x08009736   0x0000014e   Code   RO         1749    .text               mf_w.l(dadd.o)
    0x08009884   0x000000e4   Code   RO         1751    .text               mf_w.l(dmul.o)
    0x08009968   0x000000de   Code   RO         1753    .text               mf_w.l(ddiv.o)
    0x08009a46   0x00000012   Code   RO         1755    .text               mf_w.l(fflti.o)
    0x08009a58   0x0000000a   Code   RO         1757    .text               mf_w.l(ffltui.o)
    0x08009a62   0x0000001c   Code   RO         1759    .text               mf_w.l(ffltul.o)
    0x08009a7e   0x00000022   Code   RO         1761    .text               mf_w.l(dflti.o)
    0x08009aa0   0x0000001a   Code   RO         1763    .text               mf_w.l(dfltui.o)
    0x08009aba   0x00000018   Code   RO         1765    .text               mf_w.l(dfltul.o)
    0x08009ad2   0x00000032   Code   RO         1767    .text               mf_w.l(ffixi.o)
    0x08009b04   0x00000028   Code   RO         1769    .text               mf_w.l(ffixui.o)
    0x08009b2c   0x0000003e   Code   RO         1771    .text               mf_w.l(dfixi.o)
    0x08009b6a   0x00000032   Code   RO         1773    .text               mf_w.l(dfixui.o)
    0x08009b9c   0x00000026   Code   RO         1775    .text               mf_w.l(f2d.o)
    0x08009bc2   0x00000002   PAD
    0x08009bc4   0x00000030   Code   RO         1777    .text               mf_w.l(cdcmple.o)
    0x08009bf4   0x00000038   Code   RO         1781    .text               mf_w.l(d2f.o)
    0x08009c2c   0x00000014   Code   RO         1783    .text               mf_w.l(cfcmple.o)
    0x08009c40   0x00000014   Code   RO         1785    .text               mf_w.l(cfrcmple.o)
    0x08009c54   0x0000001e   Code   RO         1842    .text               mc_w.l(llshl.o)
    0x08009c72   0x00000020   Code   RO         1844    .text               mc_w.l(llushr.o)
    0x08009c92   0x00000024   Code   RO         1846    .text               mc_w.l(llsshr.o)
    0x08009cb6   0x00000000   Code   RO         1861    .text               mc_w.l(iusefp.o)
    0x08009cb6   0x0000006e   Code   RO         1862    .text               mf_w.l(fepilogue.o)
    0x08009d24   0x000000ba   Code   RO         1864    .text               mf_w.l(depilogue.o)
    0x08009dde   0x0000002e   Code   RO         1866    .text               mf_w.l(dscalb.o)
    0x08009e0c   0x000000a2   Code   RO         1868    .text               mf_w.l(dsqrt.o)
    0x08009eae   0x00000002   PAD
    0x08009eb0   0x00000024   Code   RO         1872    .text               mc_w.l(init.o)
    0x08009ed4   0x00000056   Code   RO         1895    .text               mc_w.l(__dczerorl2.o)
    0x08009f2a   0x00000028   Code   RO         1804    i.__ARM_fpclassify  m_ws.l(fpclassify.o)
    0x08009f52   0x000000aa   Code   RO         1806    i.__kernel_poly     m_ws.l(poly.o)
    0x08009ffc   0x00000006   Code   RO         1791    i.__mathlib_dbl_infnan  m_ws.l(dunder.o)
    0x0800a002   0x00000004   Code   RO         1792    i.__mathlib_dbl_infnan2  m_ws.l(dunder.o)
    0x0800a006   0x0000000c   Code   RO         1793    i.__mathlib_dbl_invalid  m_ws.l(dunder.o)
    0x0800a012   0x00000002   PAD
    0x0800a014   0x00000010   Code   RO         1796    i.__mathlib_dbl_underflow  m_ws.l(dunder.o)
    0x0800a024   0x0000000e   Code   RO         1889    i.__scatterload_copy  mc_w.l(handlers.o)
    0x0800a032   0x00000002   Code   RO         1890    i.__scatterload_null  mc_w.l(handlers.o)
    0x0800a034   0x0000000e   Code   RO         1891    i.__scatterload_zeroinit  mc_w.l(handlers.o)
    0x0800a042   0x00000002   PAD
    0x0800a044   0x0000000c   Code   RO         1852    i.__set_errno       mc_w.l(errno.o)
    0x0800a050   0x00000270   Code   RO         1323    i.asin              m_ws.l(asin.o)
    0x0800a2c0   0x00000220   Code   RO         1333    i.atan              m_ws.l(atan.o)
    0x0800a4e0   0x00000180   Code   RO         1343    i.atan2             m_ws.l(atan2.o)
    0x0800a660   0x0000004c   Code   RO         1385    i.sqrt              m_ws.l(sqrt.o)
    0x0800a6ac   0x00000bbb   Data   RO          678    .constdata          oled.o
    0x0800b267   0x0000000a   Data   RO          843    .constdata          nrf24l01.o
    0x0800b271   0x00000007   PAD
    0x0800b278   0x00000050   Data   RO         1324    .constdata          m_ws.l(asin.o)
    0x0800b2c8   0x00000098   Data   RO         1334    .constdata          m_ws.l(atan.o)
    0x0800b360   0x00000008   Data   RO         1808    .constdata          m_ws.l(qnan.o)
    0x0800b368   0x00000020   Data   RO         1887    Region$$Table       anon$$obj.o


    Execution Region RW_IRAM1 (Base: 0x20000000, Size: 0x00001b60, Max: 0x00010000, ABSOLUTE, COMPRESSED[0x00000240])

    Base Addr    Size         Type   Attr      Idx    E Section Name        Object

    0x20000000   0x00000014   Data   RW           25    .data               system_stm32f10x.o
    0x20000014   0x00000014   Data   RW          318    .data               stm32f10x_rcc.o
    0x20000028   0x00000018   Data   RW          555    .data               stm32f10x_it.o
    0x20000040   0x00000001   Data   RW          582    .data               bsp_usart2.o
    0x20000041   0x00000001   PAD
    0x20000042   0x00000002   Data   RW          607    .data               adc.o
    0x20000044   0x00000004   Data   RW          625    .data               led.o
    0x20000048   0x00000300   Data   RW          679    .data               oled.o
    0x20000348   0x00000008   Data   RW          709    .data               time.o
    0x20000350   0x00000008   Data   RW          725    .data               usart.o
    0x20000358   0x00000004   Data   RW          755    .data               delay.o
    0x2000035c   0x00000008   Data   RW          769    .data               eeprom.o
    0x20000364   0x00000004   PAD
    0x20000368   0x0000006d   Data   RW          786    .data               ms5611.o
    0x200003d5   0x00000003   PAD
    0x200003d8   0x00000019   Data   RW          825    .data               hmc5883.o
    0x200003f1   0x00000001   PAD
    0x200003f2   0x00000010   Data   RW          859    .data               tim_pwm_in.o
    0x20000402   0x00000002   Data   RW          893    .data               gps_config.o
    0x20000404   0x00000003   Data   RW          937    .data               send.o
    0x20000407   0x00000001   PAD
    0x20000408   0x000000d8   Data   RW          968    .data               imu.o
    0x200004e0   0x00000005   Data   RW          987    .data               app.o
    0x200004e5   0x00000003   PAD
    0x200004e8   0x00000051   Data   RW         1004    .data               param.o
    0x20000539   0x00000003   PAD
    0x2000053c   0x0000003c   Data   RW         1024    .data               control.o
    0x20000578   0x00000004   Data   RW         1853    .data               mc_w.l(errno.o)
    0x2000057c   0x00000040   Zero   RW          404    .bss                main.o
    0x200005bc   0x000000ff   Zero   RW          581    .bss                bsp_usart2.o
    0x200006bb   0x000002c8   Zero   RW          724    .bss                usart.o
    0x20000983   0x00000001   PAD
    0x20000984   0x00000094   Zero   RW          785    .bss                ms5611.o
    0x20000a18   0x00000076   Zero   RW          804    .bss                mpu6050.o
    0x20000a8e   0x0000003c   Zero   RW          824    .bss                hmc5883.o
    0x20000aca   0x00000016   Zero   RW          858    .bss                tim_pwm_in.o
    0x20000ae0   0x00000800   Zero   RW          877    .bss                stmflash.o
    0x200012e0   0x00000200   Zero   RW          892    .bss                gps_config.o
    0x200014e0   0x00000032   Zero   RW          936    .bss                send.o
    0x20001512   0x00000006   PAD
    0x20001518   0x00000100   Zero   RW          967    .bss                imu.o
    0x20001618   0x00000050   Zero   RW          986    .bss                app.o
    0x20001668   0x000000f4   Zero   RW         1023    .bss                control.o
    0x2000175c   0x00000004   PAD
    0x20001760   0x00000400   Zero   RW            1    STACK               startup_stm32f10x_hd.o


==============================================================================

Image component sizes


      Code (inc. data)   RO Data    RW Data    ZI Data      Debug   Object Name

       280         16          0          2          0       1529   adc.o
       744        202          0          5         80       1936   app.o
       588         16          0          1        255       3363   bsp_usart2.o
      2288        138          0         60        244       3572   control.o
         0          0          0          0          0       4496   core_cm3.o
       200          8          0          4          0       1225   delay.o
      1252         44          0          8          0       5138   eeprom.o
       636         20          0          2        512       3322   gps_config.o
       432         62          0         25         60       1951   hmc5883.o
       780          4          0          0          0       3154   i2c.o
      4324        234          0        216        256       7861   imu.o
       348          4          0          0          0       1330   key.o
       280         20          0          4          0        972   led.o
        56          8          0          0         64       2946   main.o
       220         22          0          0          0       1801   misc.o
       300         12          0          0          0       1125   moto.o
       964         18          0          0        118       3300   mpu6050.o
      1220        102          0        109        148       3859   ms5611.o
       712         26         10          0          0       3479   nrf24l01.o
      4000         44       3003        768          0      13376   oled.o
      1860         62          0         81          0       5230   param.o
      3096        102          0          3         50       4646   send.o
       344         12          0          0          0       1179   spi.o
        36          8        304          0       1024        852   startup_stm32f10x_hd.o
      1102         26          0          0          0      10833   stm32f10x_adc.o
       596          8          0          0          0       4334   stm32f10x_dma.o
      1468         34          0          0          0       8038   stm32f10x_flash.o
       868         38          0          0          0       5829   stm32f10x_gpio.o
       256         38          0         24          0       2603   stm32f10x_it.o
       932         36          0         20          0       8836   stm32f10x_rcc.o
       780         14          0          0          0       6526   stm32f10x_spi.o
      3610         88          0          0          0      22132   stm32f10x_tim.o
      1032         22          0          0          0       8372   stm32f10x_usart.o
       324          8          0          0       2048       2654   stmflash.o
       480         38          0         20          0     282395   system_stm32f10x.o
       800         22          0         16         22       2328   tim_pwm_in.o
       204          4          0          8          0       1093   time.o
       436         22          0          8        712       4029   usart.o

    ----------------------------------------------------------------------
     37852       1582       3356       1400       5604     451644   Object Totals
         0          0         32          0          0          0   (incl. Generated)
         4          0          7         16         11          0   (incl. Padding)

    ----------------------------------------------------------------------

      Code (inc. data)   RO Data    RW Data    ZI Data      Debug   Library Member Name

       624         52         80          0          0        168   asin.o
       544         70        152          0          0        124   atan.o
       384         38          0          0          0        144   atan2.o
        38          6          0          0          0        272   dunder.o
        40          0          0          0          0         68   fpclassify.o
       170          0          0          0          0         96   poly.o
         0          0          8          0          0          0   qnan.o
        76          0          0          0          0         84   sqrt.o
        86          0          0          0          0          0   __dczerorl2.o
         0          0          0          0          0          0   entry.o
         0          0          0          0          0          0   entry10a.o
         0          0          0          0          0          0   entry11a.o
         8          4          0          0          0          0   entry2.o
         4          0          0          0          0          0   entry5.o
         0          0          0          0          0          0   entry7b.o
         0          0          0          0          0          0   entry8b.o
         8          4          0          0          0          0   entry9a.o
        12          6          0          4          0         68   errno.o
        30          0          0          0          0          0   handlers.o
        36          8          0          0          0         68   init.o
         0          0          0          0          0          0   iusefp.o
        30          0          0          0          0         68   llshl.o
        36          0          0          0          0         68   llsshr.o
        32          0          0          0          0         68   llushr.o
        36          0          0          0          0        108   memseta.o
        98          0          0          0          0         92   uldiv.o
        48          0          0          0          0         68   cdcmple.o
        20          0          0          0          0         68   cfcmple.o
        20          0          0          0          0         68   cfrcmple.o
        56          0          0          0          0         88   d2f.o
       334          0          0          0          0        148   dadd.o
       222          0          0          0          0        100   ddiv.o
       186          0          0          0          0        176   depilogue.o
        62          0          0          0          0         80   dfixi.o
        50          0          0          0          0         76   dfixui.o
        34          0          0          0          0         76   dflti.o
        26          0          0          0          0         76   dfltui.o
        24          0          0          0          0         76   dfltul.o
       228          0          0          0          0         96   dmul.o
        46          0          0          0          0         80   dscalb.o
       162          0          0          0          0        100   dsqrt.o
        38          0          0          0          0         68   f2d.o
       176          0          0          0          0        140   fadd.o
       124          0          0          0          0         88   fdiv.o
       110          0          0          0          0        168   fepilogue.o
        50          0          0          0          0         68   ffixi.o
        40          0          0          0          0         68   ffixui.o
        18          0          0          0          0         68   fflti.o
        10          0          0          0          0         68   ffltui.o
        28          0          0          0          0         84   ffltul.o
       100          0          0          0          0         76   fmul.o

    ----------------------------------------------------------------------
      4512        188        240          4          0       3768   Library Totals
         8          0          0          0          0          0   (incl. Padding)

    ----------------------------------------------------------------------

      Code (inc. data)   RO Data    RW Data    ZI Data      Debug   Library Name

      1876        166        240          0          0        956   m_ws.l
       416         22          0          4          0        540   mc_w.l
      2212          0          0          0          0       2272   mf_w.l

    ----------------------------------------------------------------------
      4512        188        240          4          0       3768   Library Totals

    ----------------------------------------------------------------------

==============================================================================


      Code (inc. data)   RO Data    RW Data    ZI Data      Debug   

     42364       1770       3596       1404       5604     450444   Grand Totals
     42364       1770       3596        576       5604     450444   ELF Image Totals (compressed)
     42364       1770       3596        576          0          0   ROM Totals

==============================================================================

    Total RO  Size (Code + RO Data)                45960 (  44.88kB)
    Total RW  Size (RW Data + ZI Data)              7008 (   6.84kB)
    Total ROM Size (Code + RO Data + RW Data)      46536 (  45.45kB)

==============================================================================

